[Licensing::Module] Trying to connect to existing licensing client channel...
Built from '6000.2/respin/6000.2.0f1-517f89d850d1' branch; Version is '6000.2.0f1 (eed1c594c913) revision 15651269'; Using compiler version '194234433'; Build Type 'Release'
[Licensing::IpcConnector] Successfully connected to: "LicenseClient-samsf" at "2025-09-08T21:28:52.5071026Z"
OS: 'Windows 11  (10.0.26100) 64bit Core' Language: 'en' Physical Memory: 16068 MB
BatchMode: 1, IsHumanControllingUs: 0, StartBugReporterOnCrash: 0, Is64bit: 1
Date: 2025-09-08T21:28:52Z

COMMAND LINE ARGUMENTS:
C:\Program Files\Unity\Hub\Editor\6000.2.0f1\Editor\Unity.exe
-adb2
-batchMode
-noUpm
-name
AssetImportWorker0
-projectPath
C:/Users/samsf/Lenia-Unity
-logFile
Logs/AssetImportWorker0.log
-srvPort
61072
-licensingIpc
LicenseClient-samsf
-job-worker-count
9
-background-job-worker-count
8
-gc-helper-count
1
-name
AssetImport
Successfully changed project path to: C:/Users/samsf/Lenia-Unity
C:/Users/samsf/Lenia-Unity
[UnityMemory] Configuration Parameters - Can be set up in boot.config
    "memorysetup-allocator-temp-initial-block-size-main=262144"
    "memorysetup-allocator-temp-initial-block-size-worker=262144"
    "memorysetup-bucket-allocator-granularity=16"
    "memorysetup-bucket-allocator-bucket-count=8"
    "memorysetup-bucket-allocator-block-size=33554432"
    "memorysetup-bucket-allocator-block-count=8"
    "memorysetup-main-allocator-block-size=16777216"
    "memorysetup-thread-allocator-block-size=16777216"
    "memorysetup-gfx-main-allocator-block-size=16777216"
    "memorysetup-gfx-thread-allocator-block-size=16777216"
    "memorysetup-cache-allocator-block-size=4194304"
    "memorysetup-typetree-allocator-block-size=2097152"
    "memorysetup-profiler-bucket-allocator-granularity=16"
    "memorysetup-profiler-bucket-allocator-bucket-count=8"
    "memorysetup-profiler-bucket-allocator-block-size=33554432"
    "memorysetup-profiler-bucket-allocator-block-count=8"
    "memorysetup-profiler-allocator-block-size=16777216"
    "memorysetup-profiler-editor-allocator-block-size=1048576"
    "memorysetup-temp-allocator-size-main=16777216"
    "memorysetup-job-temp-allocator-block-size=2097152"
    "memorysetup-job-temp-allocator-block-size-background=1048576"
    "memorysetup-job-temp-allocator-reduction-small-platforms=262144"
    "memorysetup-temp-allocator-size-background-worker=32768"
    "memorysetup-temp-allocator-size-job-worker=262144"
    "memorysetup-temp-allocator-size-preload-manager=33554432"
    "memorysetup-temp-allocator-size-nav-mesh-worker=65536"
    "memorysetup-temp-allocator-size-audio-worker=65536"
    "memorysetup-temp-allocator-size-cloud-worker=32768"
    "memorysetup-temp-allocator-size-gi-baking-worker=262144"
    "memorysetup-temp-allocator-size-gi-baking-worker=262144"
    "memorysetup-temp-allocator-size-gi-baking-worker=262144"
    "memorysetup-temp-allocator-size-gi-baking-worker=262144"
    "memorysetup-temp-allocator-size-gi-baking-worker=262144"
    "memorysetup-temp-allocator-size-gfx=262144"
Player connection [33096]  Target information:

Player connection [33096]  * "[IP] 192.168.4.36 [Port] 0 [Flags] 2 [Guid] 2701760986 [EditorId] 2701760986 [Version] 1048832 [Id] WindowsEditor(7,Work-Laptop) [Debug] 1 [PackageName] WindowsEditor [ProjectName] Editor" 

Player connection [33096] Host joined multi-casting on [225.0.0.222:54997]...
Player connection [33096] Host joined alternative multi-casting on [225.0.0.222:34997]...
JobSystem: Creating JobQueue using job-worker-count value 9
Input System module state changed to: Initialized.
[Physics::Module] Initialized fallback backend.
[Physics::Module] Id: 0xdecafbad
[Licensing::Client] Code 10 while verifying Licensing Client signature (process Id: 35640, path: "C:/Program Files/Unity Hub/UnityLicensingClient_V1/Unity.Licensing.Client.exe")
[Licensing::Module] LicensingClient has failed validation; ignoring
[Licensing::Client] Handshaking with LicensingClient:
  Version:                 1.17.1+ae67fbc
  Session Id:              77ffa739bfbf482099528211cea27a05
  Correlation Id:          8cce8b970630841bb70d94f5f12d39f1
  External correlation Id: 2563724586064838781
  Machine Id:              g1qcUvBrJxBR8r2Uf5jpHdSgwl0=
[Licensing::Module] Successfully connected to LicensingClient on channel: "LicenseClient-samsf" (connect: 0.00s, validation: 0.00s, handshake: 0.04s)
[Licensing::IpcConnector] Successfully connected to: "LicenseClient-samsf-notifications" at "2025-09-08T21:28:52.5443242Z"
[Licensing::Module] Licensing Background thread has ended after 0.04s
Library Redirect Path: Library/
[Physics::Module] Selected backend.
[Physics::Module] Name: PhysX
[Physics::Module] Id: 0xf2b8ea05
[Physics::Module] SDK Version: 4.1.2
[Physics::Module] Integration Version: 1.0.0
[Physics::Module] Threading Mode: Multi-Threaded
Refreshing native plugins compatible for Editor in 0.00 ms, found 0 plugins.
Preloading 0 native plugins for Editor in 0.00 ms.
Initialize engine version: 6000.2.0f1 (eed1c594c913)
[Subsystems] Discovering subsystems at path C:/Program Files/Unity/Hub/Editor/6000.2.0f1/Editor/Data/Resources/UnitySubsystems
[Subsystems] Discovering subsystems at path C:/Users/samsf/Lenia-Unity/Assets
GfxDevice: creating device client; kGfxThreadingModeNonThreaded
Direct3D:
    Version:         Direct3D 12 [level 12.1]
    Renderer:        NVIDIA GeForce RTX 4060 Laptop GPU (ID=0x28e0)
    Vendor:          NVIDIA
    VRAM:            7957 MB
    App VRAM Budget: 7189 MB
    Driver:          32.0.15.8108
Initialize mono
Mono path[0] = 'C:/Program Files/Unity/Hub/Editor/6000.2.0f1/Editor/Data/Managed'
Mono path[1] = 'C:/Program Files/Unity/Hub/Editor/6000.2.0f1/Editor/Data/MonoBleedingEdge/lib/mono/unityjit-win32'
Mono config path = 'C:/Program Files/Unity/Hub/Editor/6000.2.0f1/Editor/Data/MonoBleedingEdge/etc'
Using monoOptions --debugger-agent=transport=dt_socket,embedding=1,server=y,suspend=n,address=127.0.0.1:56364
Begin MonoManager ReloadAssembly
Registering precompiled unity dll's ...
Register platform support module: C:/Program Files/Unity/Hub/Editor/6000.2.0f1/Editor/Data/PlaybackEngines/WebGLSupport/UnityEditor.WebGL.Extensions.dll
Register platform support module: C:/Program Files/Unity/Hub/Editor/6000.2.0f1/Editor/Data/PlaybackEngines/WindowsStandaloneSupport/UnityEditor.WindowsStandalone.Extensions.dll
Registered in 0.001840 seconds.
- Loaded All Assemblies, in  0.437 seconds
Native extension for WindowsStandalone target not found
Native extension for WebGL target not found
Mono: successfully reloaded assembly
- Finished resetting the current domain, in  0.336 seconds
Domain Reload Profiling: 772ms
	BeginReloadAssembly (168ms)
		ExecutionOrderSort (0ms)
		DisableScriptedObjects (0ms)
		BackupInstance (0ms)
		ReleaseScriptingObjects (0ms)
		CreateAndSetChildDomain (1ms)
	RebuildCommonClasses (39ms)
	RebuildNativeTypeToScriptingClass (14ms)
	initialDomainReloadingComplete (51ms)
	LoadAllAssembliesAndSetupDomain (163ms)
		LoadAssemblies (165ms)
		RebuildTransferFunctionScriptingTraits (0ms)
		AnalyzeDomain (160ms)
			TypeCache.Refresh (158ms)
				TypeCache.ScanAssembly (145ms)
			BuildScriptInfoCaches (0ms)
			ResolveRequiredComponents (0ms)
	FinalizeReload (337ms)
		ReleaseScriptCaches (0ms)
		RebuildScriptCaches (0ms)
		SetupLoadedEditorAssemblies (303ms)
			LogAssemblyErrors (0ms)
			InitializePlatformSupportModulesInManaged (51ms)
			SetLoadedEditorAssemblies (4ms)
			BeforeProcessingInitializeOnLoad (68ms)
			ProcessInitializeOnLoadAttributes (131ms)
			ProcessInitializeOnLoadMethodAttributes (49ms)
			AfterProcessingInitializeOnLoad (0ms)
			EditorAssembliesLoaded (0ms)
		ExecutionOrderSort2 (0ms)
		AwakeInstancesAfterBackupRestoration (0ms)
========================================================================
Worker process is ready to serve import requests
Import Worker Mode flag is 0x00
Begin MonoManager ReloadAssembly
[Licensing::Client] Successfully resolved entitlement details
[Licensing::Module] License group:
  Id: 1375848027534-UnityPersXXXX
  Product: Unity Personal
  Type: Assigned
  Expiration: Unlimited
- Loaded All Assemblies, in  0.253 seconds
Refreshing native plugins compatible for Editor in 0.00 ms, found 0 plugins.
Native extension for WindowsStandalone target not found
Native extension for WebGL target not found
Mono: successfully reloaded assembly
- Finished resetting the current domain, in  0.317 seconds
Domain Reload Profiling: 567ms
	BeginReloadAssembly (170ms)
		ExecutionOrderSort (0ms)
		DisableScriptedObjects (5ms)
		BackupInstance (0ms)
		ReleaseScriptingObjects (0ms)
		CreateAndSetChildDomain (29ms)
	RebuildCommonClasses (36ms)
	RebuildNativeTypeToScriptingClass (11ms)
	initialDomainReloadingComplete (20ms)
	LoadAllAssembliesAndSetupDomain (12ms)
		LoadAssemblies (95ms)
		RebuildTransferFunctionScriptingTraits (0ms)
		AnalyzeDomain (9ms)
			TypeCache.Refresh (6ms)
				TypeCache.ScanAssembly (2ms)
			BuildScriptInfoCaches (1ms)
			ResolveRequiredComponents (0ms)
	FinalizeReload (317ms)
		ReleaseScriptCaches (0ms)
		RebuildScriptCaches (0ms)
		SetupLoadedEditorAssemblies (229ms)
			LogAssemblyErrors (0ms)
			InitializePlatformSupportModulesInManaged (2ms)
			SetLoadedEditorAssemblies (3ms)
			BeforeProcessingInitializeOnLoad (65ms)
			ProcessInitializeOnLoadAttributes (134ms)
			ProcessInitializeOnLoadMethodAttributes (20ms)
			AfterProcessingInitializeOnLoad (5ms)
			EditorAssembliesLoaded (0ms)
		ExecutionOrderSort2 (0ms)
		AwakeInstancesAfterBackupRestoration (7ms)
Launched and connected shader compiler UnityShaderCompiler.exe after 0.02 seconds
Refreshing native plugins compatible for Editor in 0.00 ms, found 0 plugins.
Preloading 0 native plugins for Editor in 0.00 ms.
Unloading 1 Unused Serialized files (Serialized files now loaded: 0)
Unloading 69 unused Assets / (57.4 KB). Loaded Objects now: 570.
Memory consumption went from 54.2 MB to 54.1 MB.
Total: 3.309900 ms (FindLiveObjects: 0.043800 ms CreateObjectMapping: 0.007400 ms MarkObjects: 3.182000 ms  DeleteObjects: 0.075700 ms)

========================================================================
Received Import Request.
  Time since last request: 482862.890023 seconds.
  path: Assets/Lenia/Scripts/LeniaParams.cs
  artifactKey: Guid(1d9b0d8a157ab8041aa4562870a29872) Importer(815301076,1909f56bfc062723c751e8b465ee728b)
Start importing Assets/Lenia/Scripts/LeniaParams.cs using Guid(1d9b0d8a157ab8041aa4562870a29872) Importer(815301076,1909f56bfc062723c751e8b465ee728b) (PreviewImporter) -> (artifact id: 'd95d3421d4936e4358e51230393909ba') in 0.0074151 seconds
Number of updated asset objects reloaded before import = 0Number of asset objects unloaded after import = 0

========================================================================
Received Prepare
Refreshing native plugins compatible for Editor in 0.00 ms, found 0 plugins.
Preloading 0 native plugins for Editor in 0.00 ms.
Unloading 1 Unused Serialized files (Serialized files now loaded: 0)
Unloading 67 unused Assets / (33.2 KB). Loaded Objects now: 572.
Memory consumption went from 54.8 MB to 54.8 MB.
Total: 4.154300 ms (FindLiveObjects: 0.031800 ms CreateObjectMapping: 0.006100 ms MarkObjects: 4.072900 ms  DeleteObjects: 0.042000 ms)

Prepare: number of updated asset objects reloaded= 0
========================================================================
Received Import Request.
  Time since last request: 12.681764 seconds.
  path: Assets/Lenia/Scripts/LeniaParams.cs
  artifactKey: Guid(1d9b0d8a157ab8041aa4562870a29872) Importer(815301076,1909f56bfc062723c751e8b465ee728b)
Start importing Assets/Lenia/Scripts/LeniaParams.cs using Guid(1d9b0d8a157ab8041aa4562870a29872) Importer(815301076,1909f56bfc062723c751e8b465ee728b) (PreviewImporter) -> (artifact id: 'ab403cf15f5dd72a77e6b0de1b8f0648') in 0.0005065 seconds
Number of updated asset objects reloaded before import = 0Number of asset objects unloaded after import = 0

========================================================================
Received Import Request.
  Time since last request: 16.657866 seconds.
  path: Assets/Lenia/Editor
  artifactKey: Guid(935c5dae6a6577c4f8ae3064a291fe0b) Importer(815301076,1909f56bfc062723c751e8b465ee728b)
Start importing Assets/Lenia/Editor using Guid(935c5dae6a6577c4f8ae3064a291fe0b) Importer(815301076,1909f56bfc062723c751e8b465ee728b) (PreviewImporter) -> (artifact id: 'bbaa6a07255407c988caa8c6130754f9') in 0.0004908 seconds
Number of updated asset objects reloaded before import = 0Number of asset objects unloaded after import = 0

========================================================================
Received Import Request.
  Time since last request: 0.680013 seconds.
  path: Assets/Lenia/Editor/LeniaParamsEditor.cs
  artifactKey: Guid(c9ec387baa9913b429ed8842184999aa) Importer(815301076,1909f56bfc062723c751e8b465ee728b)
Start importing Assets/Lenia/Editor/LeniaParamsEditor.cs using Guid(c9ec387baa9913b429ed8842184999aa) Importer(815301076,1909f56bfc062723c751e8b465ee728b) (PreviewImporter) -> (artifact id: 'a0b7dc1784ed70be55d11efaed846c90') in 0.000998 seconds
Number of updated asset objects reloaded before import = 0Number of asset objects unloaded after import = 0

========================================================================
Received Prepare
Refreshing native plugins compatible for Editor in 0.00 ms, found 0 plugins.
Preloading 0 native plugins for Editor in 0.00 ms.
Unloading 1 Unused Serialized files (Serialized files now loaded: 0)
Unloading 67 unused Assets / (33.2 KB). Loaded Objects now: 572.
Memory consumption went from 54.8 MB to 54.8 MB.
Total: 4.875400 ms (FindLiveObjects: 0.058500 ms CreateObjectMapping: 0.006400 ms MarkObjects: 4.749000 ms  DeleteObjects: 0.060200 ms)

Prepare: number of updated asset objects reloaded= 0
========================================================================
Received Import Request.
  Time since last request: 7.862342 seconds.
  path: Assets/Lenia/Editor/LeniaParamsEditor.cs
  artifactKey: Guid(c9ec387baa9913b429ed8842184999aa) Importer(815301076,1909f56bfc062723c751e8b465ee728b)
Start importing Assets/Lenia/Editor/LeniaParamsEditor.cs using Guid(c9ec387baa9913b429ed8842184999aa) Importer(815301076,1909f56bfc062723c751e8b465ee728b) (PreviewImporter) -> (artifact id: '89edae3093c7cf0ebcc2dd91dffd960b') in 0.0006617 seconds
Number of updated asset objects reloaded before import = 0Number of asset objects unloaded after import = 0

========================================================================
Received Import Request.
  Time since last request: 12.539868 seconds.
  path: Assets/Lenia/Scripts/KernelBuilder.cs
  artifactKey: Guid(0c7fe483c33f9244ab7f0167aec07ca4) Importer(815301076,1909f56bfc062723c751e8b465ee728b)
Start importing Assets/Lenia/Scripts/KernelBuilder.cs using Guid(0c7fe483c33f9244ab7f0167aec07ca4) Importer(815301076,1909f56bfc062723c751e8b465ee728b) (PreviewImporter) -> (artifact id: 'b33578697574f00648d2f4f3b66da069') in 0.0005018 seconds
Number of updated asset objects reloaded before import = 0Number of asset objects unloaded after import = 0

========================================================================
Received Prepare
Refreshing native plugins compatible for Editor in 0.00 ms, found 0 plugins.
Preloading 0 native plugins for Editor in 0.00 ms.
Unloading 1 Unused Serialized files (Serialized files now loaded: 0)
Unloading 67 unused Assets / (33.2 KB). Loaded Objects now: 572.
Memory consumption went from 54.8 MB to 54.8 MB.
Total: 3.409700 ms (FindLiveObjects: 0.042800 ms CreateObjectMapping: 0.005000 ms MarkObjects: 3.274800 ms  DeleteObjects: 0.064400 ms)

Prepare: number of updated asset objects reloaded= 0
========================================================================
Received Import Request.
  Time since last request: 6.903292 seconds.
  path: Assets/Lenia/Scripts/KernelBuilder.cs
  artifactKey: Guid(0c7fe483c33f9244ab7f0167aec07ca4) Importer(815301076,1909f56bfc062723c751e8b465ee728b)
Start importing Assets/Lenia/Scripts/KernelBuilder.cs using Guid(0c7fe483c33f9244ab7f0167aec07ca4) Importer(815301076,1909f56bfc062723c751e8b465ee728b) (PreviewImporter) -> (artifact id: '81bee4f29b0bed6ec163032d283e09e4') in 0.0009658 seconds
Number of updated asset objects reloaded before import = 0Number of asset objects unloaded after import = 0

========================================================================
Received Import Request.
  Time since last request: 15.527343 seconds.
  path: Assets/Lenia/Scripts/LeniaRunner.cs
  artifactKey: Guid(29bb565d047f75849ae201cb5ce50b6a) Importer(815301076,1909f56bfc062723c751e8b465ee728b)
Start importing Assets/Lenia/Scripts/LeniaRunner.cs using Guid(29bb565d047f75849ae201cb5ce50b6a) Importer(815301076,1909f56bfc062723c751e8b465ee728b) (PreviewImporter) -> (artifact id: 'd438ee56fcb2f2ec7cc5e496c4379418') in 0.0005125 seconds
Number of updated asset objects reloaded before import = 0Number of asset objects unloaded after import = 0

========================================================================
Received Prepare
Refreshing native plugins compatible for Editor in 0.00 ms, found 0 plugins.
Preloading 0 native plugins for Editor in 0.00 ms.
Unloading 1 Unused Serialized files (Serialized files now loaded: 0)
Unloading 67 unused Assets / (33.2 KB). Loaded Objects now: 572.
Memory consumption went from 54.9 MB to 54.8 MB.
Total: 2.771000 ms (FindLiveObjects: 0.026200 ms CreateObjectMapping: 0.004800 ms MarkObjects: 2.713300 ms  DeleteObjects: 0.026100 ms)

Prepare: number of updated asset objects reloaded= 0
========================================================================
Received Import Request.
  Time since last request: 18.643175 seconds.
  path: Assets/Lenia/Scripts/LeniaRunner.cs
  artifactKey: Guid(29bb565d047f75849ae201cb5ce50b6a) Importer(815301076,1909f56bfc062723c751e8b465ee728b)
Start importing Assets/Lenia/Scripts/LeniaRunner.cs using Guid(29bb565d047f75849ae201cb5ce50b6a) Importer(815301076,1909f56bfc062723c751e8b465ee728b) (PreviewImporter) -> (artifact id: 'f25dbb93d22c901e367a30d068f7c32f') in 0.0007205 seconds
Number of updated asset objects reloaded before import = 0Number of asset objects unloaded after import = 0

========================================================================
Received Import Request.
  Time since last request: 2.873360 seconds.
  path: Assets/Lenia/Shaders
  artifactKey: Guid(65645bc9cb7899d4a8820c7484a347ad) Importer(815301076,1909f56bfc062723c751e8b465ee728b)
Start importing Assets/Lenia/Shaders using Guid(65645bc9cb7899d4a8820c7484a347ad) Importer(815301076,1909f56bfc062723c751e8b465ee728b) (PreviewImporter) -> (artifact id: '953d143ae621290f507d42eb996532b7') in 0.0005268 seconds
Number of updated asset objects reloaded before import = 0Number of asset objects unloaded after import = 0

========================================================================
Received Import Request.
  Time since last request: 0.101943 seconds.
  path: Assets/Lenia/Shaders/Lenia.compute
  artifactKey: Guid(83b73ccce5f3daa44940ac5ed1287e9a) Importer(815301076,1909f56bfc062723c751e8b465ee728b)
Start importing Assets/Lenia/Shaders/Lenia.compute using Guid(83b73ccce5f3daa44940ac5ed1287e9a) Importer(815301076,1909f56bfc062723c751e8b465ee728b) (PreviewImporter) -> (artifact id: 'f6993164db0dd682b7fffd52f2c3069a') in 0.0163107 seconds
Number of updated asset objects reloaded before import = 0Number of asset objects unloaded after import = 1

========================================================================
Received Import Request.
  Time since last request: 14.683109 seconds.
  path: Assets/Lenia/Shaders/Lenia.compute
  artifactKey: Guid(83b73ccce5f3daa44940ac5ed1287e9a) Importer(815301076,1909f56bfc062723c751e8b465ee728b)
Start importing Assets/Lenia/Shaders/Lenia.compute using Guid(83b73ccce5f3daa44940ac5ed1287e9a) Importer(815301076,1909f56bfc062723c751e8b465ee728b) (PreviewImporter) -> (artifact id: '81a8f75ddc14f5b66056bd714b88839c') in 0.0008447 seconds
Number of updated asset objects reloaded before import = 0Number of asset objects unloaded after import = 1

========================================================================
Received Import Request.
  Time since last request: 17.213017 seconds.
  path: Assets/Lenia/Shaders/PaletteBlit.shader
  artifactKey: Guid(09fea20d2cc816a40a41bfd03cbc5906) Importer(815301076,1909f56bfc062723c751e8b465ee728b)
Start importing Assets/Lenia/Shaders/PaletteBlit.shader using Guid(09fea20d2cc816a40a41bfd03cbc5906) Importer(815301076,1909f56bfc062723c751e8b465ee728b) (PreviewImporter) -> (artifact id: 'd16b7c706fff36d5a90607b500854cea') in 0.00073 seconds
Number of updated asset objects reloaded before import = 0Number of asset objects unloaded after import = 0

========================================================================
Received Import Request.
  Time since last request: 13.337855 seconds.
  path: Assets/Lenia/Shaders/BlitRFloat.shader
  artifactKey: Guid(1dc661741e8d1bb429b0ab664f316f14) Importer(815301076,1909f56bfc062723c751e8b465ee728b)
Start importing Assets/Lenia/Shaders/BlitRFloat.shader using Guid(1dc661741e8d1bb429b0ab664f316f14) Importer(815301076,1909f56bfc062723c751e8b465ee728b) (PreviewImporter) -> (artifact id: '788a7328da125a966d278a9d8ade2b95') in 0.0009508 seconds
Number of updated asset objects reloaded before import = 1Number of asset objects unloaded after import = 0

========================================================================
Received Import Request.
  Time since last request: 5.934402 seconds.
  path: Assets/Lenia/Shaders/BlitRFloat.shader
  artifactKey: Guid(1dc661741e8d1bb429b0ab664f316f14) Importer(815301076,1909f56bfc062723c751e8b465ee728b)
Start importing Assets/Lenia/Shaders/BlitRFloat.shader using Guid(1dc661741e8d1bb429b0ab664f316f14) Importer(815301076,1909f56bfc062723c751e8b465ee728b) (PreviewImporter) -> (artifact id: '86946c380bb04855657fa5491f3337c6') in 0.000889 seconds
Number of updated asset objects reloaded before import = 1Number of asset objects unloaded after import = 0

